[     472ms] [WARNING] An iframe which has both allow-scripts and allow-same-origin for its sandbox attribute can escape its sandboxing. @ https://malaysia.yahoo.com/:0
[    1667ms] [WARNING] An iframe which has both allow-scripts and allow-same-origin for its sandbox attribute can escape its sandboxing. @ :0
[    1683ms] [WARNING] An iframe which has both allow-scripts and allow-same-origin for its sandbox attribute can escape its sandboxing. @ :0
[    1699ms] [WARNING] An iframe which has both allow-scripts and allow-same-origin for its sandbox attribute can escape its sandboxing. @ :0
[    2747ms] [WARNING] An iframe which has both allow-scripts and allow-same-origin for its sandbox attribute can escape its sandboxing. @ https://s.yimg.com/aaq/f10d509c/d1ccw66oyq8ex2.js:2
[    2877ms] [WARNING] adgb - not initialized. @ https://s.yimg.com/du/ay/wnsrvbjmeprtfrnfx.js:162
[    5293ms] [ERROR] addModules() could not find element featurebar featurebar @ https://s.yimg.com/du/ay/wnsrvbjmeprtfrnfx.js:162
[    6841ms] [WARNING] An iframe which has both allow-scripts and allow-same-origin for its sandbox attribute can escape its sandboxing. @ https://s.yimg.com/aaq/f10d509c/d1ccw66oyq8ex2.js:2
[    8006ms] [WARNING] An iframe which has both allow-scripts and allow-same-origin for its sandbox attribute can escape its sandboxing. @ https://s.yimg.com/aaq/f10d509c/d1ccw66oyq8ex2.js:2
[   10901ms] [ERROR] Attestation check for Shared Storage on https://www.googleadservices.com failed. @ https://www.googleadservices.com/pagead/managed/js/activeview/current/reach_worklet.html:0
[   10901ms] [ERROR] Attestation check for Shared Storage on https://www.googleadservices.com failed. @ https://www.googleadservices.com/pagead/managed/js/activeview/current/reach_worklet.html:0
[   14089ms] [ERROR] Attestation check for Shared Storage on https://www.googleadservices.com failed. @ https://www.googleadservices.com/pagead/managed/js/activeview/current/reach_worklet.html:0
[   16480ms] [WARNING] VIDEOJS: WARN: videojs.mergeOptions is deprecated and will be removed in 9.0; please use videojs.obj.merge instead. @ https://players.brightcove.net/6415665815001/Q4OxsCweb_default/index.min.js:0
[   16856ms] [WARNING] VIDEOJS: WARN: videojs.mergeOptions is deprecated and will be removed in 9.0; please use videojs.obj.merge instead. @ https://players.brightcove.net/6415665815001/Q4OxsCweb_default/index.min.js:0
[   17181ms] [WARNING] VIDEOJS: WARN: videojs.mergeOptions is deprecated and will be removed in 9.0; please use videojs.obj.merge instead. @ https://players.brightcove.net/6415665815001/Q4OxsCweb_default/index.min.js:0
[   20406ms] [ERROR] Failed to load resource: net::ERR_TOO_MANY_REDIRECTS @ https://pxl.iqm.com/i/ck/pubmatic?puid=CF1AA516-E91E-4B21-84BD-0913445A456E:0
[   21925ms] [ERROR] Failed to load resource: the server responded with a status of 400 () @ https://cm.mgid.com/m?cdsp=834149&c=b1d33dae-afb5-4b10-b4ee-9006886696cc:0
[   20406ms] [ERROR] Failed to load resource: net::ERR_TOO_MANY_REDIRECTS @ https://pxl.iqm.com/i/ck/pubmatic?puid=CF1AA516-E91E-4B21-84BD-0913445A456E:0
[   23127ms] [ERROR] Failed to load resource: net::ERR_NAME_NOT_RESOLVED @ https://dps.jp.cinarra.com/pxd?PLATFORM_ID=1&USER_ID=e11ac76b-6fd1-8b4b-cd22-525e723e18ed:0
[   27357ms] [ERROR] Failed to load resource: net::ERR_CONNECTION_REFUSED @ https://cs.nex8.net/cs/openx:0
[   27796ms] [ERROR] Failed to load resource: net::ERR_NAME_NOT_RESOLVED @ https://match.rundsp.com/redirect?ex=openx&gpp=DBAA&gpp_sid=-1:0
[   28850ms] [ERROR] Failed to load resource: net::ERR_TOO_MANY_REDIRECTS @ https://partners.tremorhub.com/sync?UIIQ=3499b0d4-7c26-4038-8254-dae67e98cac3:0
[   23127ms] [ERROR] Failed to load resource: net::ERR_NAME_NOT_RESOLVED @ https://dps.jp.cinarra.com/pxd?PLATFORM_ID=1&USER_ID=e11ac76b-6fd1-8b4b-cd22-525e723e18ed:0
[   27357ms] [ERROR] Failed to load resource: net::ERR_CONNECTION_REFUSED @ https://cs.nex8.net/cs/openx:0
[   27796ms] [ERROR] Failed to load resource: net::ERR_NAME_NOT_RESOLVED @ https://match.rundsp.com/redirect?ex=openx&gpp=DBAA&gpp_sid=-1:0
[   28943ms] [WARNING] Mixed Content: The page at 'https://onetag-sys.com/usync/?pubId=75601b04186d260' was loaded over HTTPS, but requested an insecure element 'http://user-sync.fwmrm.net/ad/u?mode=echo&cr=https%3A%2F%2Fonetag-sys.com%2Fmatch%2F%3Fint_id%3D3%26gdpr%3D1%26gdpr_consent%3D%26uid%3D#{user.id}'. This request was automatically upgraded to HTTPS, For more information see https://blog.chromium.org/2019/10/no-more-mixed-messages-about-https.html @ https://onetag-sys.com/usync/?pubId=75601b04186d260:0
[   29232ms] [ERROR] Failed to load resource: net::ERR_NAME_NOT_RESOLVED @ https://j.mrpdata.net/c.html?ex=OpenX:0
[   29765ms] [ERROR] Failed to load resource: the server responded with a status of 424 (Failed Dependency) @ https://t.adx.opera.com/pub/sync?pubid=pub10101531197440&gdpr=1&gdpr_consent=:0
[   29885ms] [ERROR] Failed to load resource: the server responded with a status of 400 () @ https://match.prod.bidr.io/cookie-sync/see:0
[    1667ms] [WARNING] An iframe which has both allow-scripts and allow-same-origin for its sandbox attribute can escape its sandboxing. @ :0
[    1683ms] [WARNING] An iframe which has both allow-scripts and allow-same-origin for its sandbox attribute can escape its sandboxing. @ :0
[    1699ms] [WARNING] An iframe which has both allow-scripts and allow-same-origin for its sandbox attribute can escape its sandboxing. @ :0
[    2747ms] [WARNING] An iframe which has both allow-scripts and allow-same-origin for its sandbox attribute can escape its sandboxing. @ https://s.yimg.com/aaq/f10d509c/d1ccw66oyq8ex2.js:2
[    6841ms] [WARNING] An iframe which has both allow-scripts and allow-same-origin for its sandbox attribute can escape its sandboxing. @ https://s.yimg.com/aaq/f10d509c/d1ccw66oyq8ex2.js:2
[    8006ms] [WARNING] An iframe which has both allow-scripts and allow-same-origin for its sandbox attribute can escape its sandboxing. @ https://s.yimg.com/aaq/f10d509c/d1ccw66oyq8ex2.js:2
[    1667ms] [WARNING] An iframe which has both allow-scripts and allow-same-origin for its sandbox attribute can escape its sandboxing. @ :0
[    1683ms] [WARNING] An iframe which has both allow-scripts and allow-same-origin for its sandbox attribute can escape its sandboxing. @ :0
[    1699ms] [WARNING] An iframe which has both allow-scripts and allow-same-origin for its sandbox attribute can escape its sandboxing. @ :0
[    2747ms] [WARNING] An iframe which has both allow-scripts and allow-same-origin for its sandbox attribute can escape its sandboxing. @ https://s.yimg.com/aaq/f10d509c/d1ccw66oyq8ex2.js:2
[    6841ms] [WARNING] An iframe which has both allow-scripts and allow-same-origin for its sandbox attribute can escape its sandboxing. @ https://s.yimg.com/aaq/f10d509c/d1ccw66oyq8ex2.js:2
[    8006ms] [WARNING] An iframe which has both allow-scripts and allow-same-origin for its sandbox attribute can escape its sandboxing. @ https://s.yimg.com/aaq/f10d509c/d1ccw66oyq8ex2.js:2
[   32795ms] [ERROR] Failed to load resource: the server responded with a status of 403 () @ https://usync.ingage.tech/?gdpr=&gdpr_consent=&us_privacy=&redirect=https%3A%2F%2Fcookies.nextmillmedia.com%2Fsetuid%3Fbidder%3Dinsticator%26nmuid%3D%26gdpr%3D%26gdpr_consent%3D%26us_privacy%3D%26uid%3D%24UID:0
[   35552ms] [ERROR] Failed to load resource: the server responded with a status of 410 (Gone) @ https://ads.stickyadstv.com/pbs-user-sync?gdpr=&gdpr_consent=&us_privacy=&gpp=&gpp_sid=&r=https%3A%2F%2Fcookies.nextmillmedia.com%2Fsetuid%3Fbidder%3Dfreewheel-ssp%26nmuid%3D%26gdpr%3D%26gdpr_consent%3D%26us_privacy%3D%26uid%3D%7Bviewerid%7D:0
[   32795ms] [ERROR] Failed to load resource: the server responded with a status of 403 () @ https://usync.ingage.tech/?gdpr=&gdpr_consent=&us_privacy=&redirect=https%3A%2F%2Fcookies.nextmillmedia.com%2Fsetuid%3Fbidder%3Dinsticator%26nmuid%3D%26gdpr%3D%26gdpr_consent%3D%26us_privacy%3D%26uid%3D%24UID:0
[   39898ms] [ERROR] Failed to load resource: the server responded with a status of 403 () @ https://usync.ingage.tech/?gdpr=&gdpr_consent=&us_privacy=&redirect=https%3A%2F%2Fcookies.nextmillmedia.com%2Fsetuid%3Fbidder%3Dinsticator%26nmuid%3D95193e5b-3d80-4205-a62b-6663e73bbf51%26gdpr%3D%26gdpr_consent%3D%26us_privacy%3D%26uid%3D%24UID:0
[   35552ms] [ERROR] Failed to load resource: the server responded with a status of 410 (Gone) @ https://ads.stickyadstv.com/pbs-user-sync?gdpr=&gdpr_consent=&us_privacy=&gpp=&gpp_sid=&r=https%3A%2F%2Fcookies.nextmillmedia.com%2Fsetuid%3Fbidder%3Dfreewheel-ssp%26nmuid%3D%26gdpr%3D%26gdpr_consent%3D%26us_privacy%3D%26uid%3D%7Bviewerid%7D:0
[   40667ms] [ERROR] Failed to load resource: the server responded with a status of 410 (Gone) @ https://ads.stickyadstv.com/pbs-user-sync?gdpr=&gdpr_consent=&us_privacy=&gpp=&gpp_sid=&r=https%3A%2F%2Fcookies.nextmillmedia.com%2Fsetuid%3Fbidder%3Dfreewheel-ssp%26nmuid%3D95193e5b-3d80-4205-a62b-6663e73bbf51%26gdpr%3D%26gdpr_consent%3D%26us_privacy%3D%26uid%3D%7Bviewerid%7D:0
[   28943ms] [WARNING] Mixed Content: The page at 'https://onetag-sys.com/usync/?pubId=75601b04186d260' was loaded over HTTPS, but requested an insecure element 'http://user-sync.fwmrm.net/ad/u?mode=echo&cr=https%3A%2F%2Fonetag-sys.com%2Fmatch%2F%3Fint_id%3D3%26gdpr%3D1%26gdpr_consent%3D%26uid%3D#{user.id}'. This request was automatically upgraded to HTTPS, For more information see https://blog.chromium.org/2019/10/no-more-mixed-messages-about-https.html @ https://onetag-sys.com/usync/?pubId=75601b04186d260:0
[   29765ms] [ERROR] Failed to load resource: the server responded with a status of 424 (Failed Dependency) @ https://t.adx.opera.com/pub/sync?pubid=pub10101531197440&gdpr=1&gdpr_consent=:0
[   40749ms] [WARNING] Mixed Content: The page at 'https://onetag-sys.com/usync/?pubId=926eb1b25ed0c51&gdpr=&gdpr_consent=&us_privacy=' was loaded over HTTPS, but requested an insecure element 'http://user-sync.fwmrm.net/ad/u?mode=echo&cr=https%3A%2F%2Fonetag-sys.com%2Fmatch%2F%3Fint_id%3D3%26gdpr%3D1%26gdpr_consent%3D%26uid%3D#{user.id}'. This request was automatically upgraded to HTTPS, For more information see https://blog.chromium.org/2019/10/no-more-mixed-messages-about-https.html @ https://onetag-sys.com/usync/?pubId=926eb1b25ed0c51&gdpr=&gdpr_consent=&us_privacy=:0
[   42419ms] [ERROR] Failed to load resource: the server responded with a status of 424 (Failed Dependency) @ https://t.adx.opera.com/pub/sync?pubid=pub10101531197440&gdpr=1&gdpr_consent=:0
[   42423ms] [ERROR] Failed to load resource: the server responded with a status of 403 (Forbidden) @ https://user-sync.fwmrm.net/ad/u?mode=echo&cr=https%3A%2F%2Fonetag-sys.com%2Fmatch%2F%3Fint_id%3D3%26gdpr%3D1%26gdpr_consent%3D%26uid%3D#{user.id}:0
[   28943ms] [WARNING] Mixed Content: The page at 'https://onetag-sys.com/usync/?pubId=75601b04186d260' was loaded over HTTPS, but requested an insecure element 'http://user-sync.fwmrm.net/ad/u?mode=echo&cr=https%3A%2F%2Fonetag-sys.com%2Fmatch%2F%3Fint_id%3D3%26gdpr%3D1%26gdpr_consent%3D%26uid%3D#{user.id}'. This request was automatically upgraded to HTTPS, For more information see https://blog.chromium.org/2019/10/no-more-mixed-messages-about-https.html @ https://onetag-sys.com/usync/?pubId=75601b04186d260:0
[   29765ms] [ERROR] Failed to load resource: the server responded with a status of 424 (Failed Dependency) @ https://t.adx.opera.com/pub/sync?pubid=pub10101531197440&gdpr=1&gdpr_consent=:0
[   40749ms] [WARNING] Mixed Content: The page at 'https://onetag-sys.com/usync/?pubId=926eb1b25ed0c51&gdpr=&gdpr_consent=&us_privacy=' was loaded over HTTPS, but requested an insecure element 'http://user-sync.fwmrm.net/ad/u?mode=echo&cr=https%3A%2F%2Fonetag-sys.com%2Fmatch%2F%3Fint_id%3D3%26gdpr%3D1%26gdpr_consent%3D%26uid%3D#{user.id}'. This request was automatically upgraded to HTTPS, For more information see https://blog.chromium.org/2019/10/no-more-mixed-messages-about-https.html @ https://onetag-sys.com/usync/?pubId=926eb1b25ed0c51&gdpr=&gdpr_consent=&us_privacy=:0
[   42419ms] [ERROR] Failed to load resource: the server responded with a status of 424 (Failed Dependency) @ https://t.adx.opera.com/pub/sync?pubid=pub10101531197440&gdpr=1&gdpr_consent=:0
[   42423ms] [ERROR] Failed to load resource: the server responded with a status of 403 (Forbidden) @ https://user-sync.fwmrm.net/ad/u?mode=echo&cr=https%3A%2F%2Fonetag-sys.com%2Fmatch%2F%3Fint_id%3D3%26gdpr%3D1%26gdpr_consent%3D%26uid%3D#{user.id}:0
[   42647ms] [WARNING] Mixed Content: The page at 'https://onetag-sys.com/usync/?pubId=847013a8430d672' was loaded over HTTPS, but requested an insecure element 'http://user-sync.fwmrm.net/ad/u?mode=echo&cr=https%3A%2F%2Fonetag-sys.com%2Fmatch%2F%3Fint_id%3D3%26gdpr%3D1%26gdpr_consent%3D%26uid%3D#{user.id}'. This request was automatically upgraded to HTTPS, For more information see https://blog.chromium.org/2019/10/no-more-mixed-messages-about-https.html @ https://onetag-sys.com/usync/?pubId=847013a8430d672:0
[   23127ms] [ERROR] Failed to load resource: net::ERR_NAME_NOT_RESOLVED @ https://dps.jp.cinarra.com/pxd?PLATFORM_ID=1&USER_ID=e11ac76b-6fd1-8b4b-cd22-525e723e18ed:0
[   27357ms] [ERROR] Failed to load resource: net::ERR_CONNECTION_REFUSED @ https://cs.nex8.net/cs/openx:0
[   27796ms] [ERROR] Failed to load resource: net::ERR_NAME_NOT_RESOLVED @ https://match.rundsp.com/redirect?ex=openx&gpp=DBAA&gpp_sid=-1:0
[   29232ms] [ERROR] Failed to load resource: net::ERR_NAME_NOT_RESOLVED @ https://j.mrpdata.net/c.html?ex=OpenX:0
[   44006ms] [ERROR] Failed to load resource: the server responded with a status of 424 (Failed Dependency) @ https://t.adx.opera.com/pub/sync?pubid=pub10101531197440&gdpr=1&gdpr_consent=:0
[   44007ms] [ERROR] Failed to load resource: the server responded with a status of 403 (Forbidden) @ https://user-sync.fwmrm.net/ad/u?mode=echo&cr=https%3A%2F%2Fonetag-sys.com%2Fmatch%2F%3Fint_id%3D3%26gdpr%3D1%26gdpr_consent%3D%26uid%3D#{user.id}:0
[   20406ms] [ERROR] Failed to load resource: net::ERR_TOO_MANY_REDIRECTS @ https://pxl.iqm.com/i/ck/pubmatic?puid=CF1AA516-E91E-4B21-84BD-0913445A456E:0
[   28850ms] [ERROR] Failed to load resource: net::ERR_TOO_MANY_REDIRECTS @ https://partners.tremorhub.com/sync?UIIQ=3499b0d4-7c26-4038-8254-dae67e98cac3:0
[   28943ms] [WARNING] Mixed Content: The page at 'https://onetag-sys.com/usync/?pubId=75601b04186d260' was loaded over HTTPS, but requested an insecure element 'http://user-sync.fwmrm.net/ad/u?mode=echo&cr=https%3A%2F%2Fonetag-sys.com%2Fmatch%2F%3Fint_id%3D3%26gdpr%3D1%26gdpr_consent%3D%26uid%3D#{user.id}'. This request was automatically upgraded to HTTPS, For more information see https://blog.chromium.org/2019/10/no-more-mixed-messages-about-https.html @ https://onetag-sys.com/usync/?pubId=75601b04186d260:0
[   29765ms] [ERROR] Failed to load resource: the server responded with a status of 424 (Failed Dependency) @ https://t.adx.opera.com/pub/sync?pubid=pub10101531197440&gdpr=1&gdpr_consent=:0
[   40749ms] [WARNING] Mixed Content: The page at 'https://onetag-sys.com/usync/?pubId=926eb1b25ed0c51&gdpr=&gdpr_consent=&us_privacy=' was loaded over HTTPS, but requested an insecure element 'http://user-sync.fwmrm.net/ad/u?mode=echo&cr=https%3A%2F%2Fonetag-sys.com%2Fmatch%2F%3Fint_id%3D3%26gdpr%3D1%26gdpr_consent%3D%26uid%3D#{user.id}'. This request was automatically upgraded to HTTPS, For more information see https://blog.chromium.org/2019/10/no-more-mixed-messages-about-https.html @ https://onetag-sys.com/usync/?pubId=926eb1b25ed0c51&gdpr=&gdpr_consent=&us_privacy=:0
[   42419ms] [ERROR] Failed to load resource: the server responded with a status of 424 (Failed Dependency) @ https://t.adx.opera.com/pub/sync?pubid=pub10101531197440&gdpr=1&gdpr_consent=:0
[   42423ms] [ERROR] Failed to load resource: the server responded with a status of 403 (Forbidden) @ https://user-sync.fwmrm.net/ad/u?mode=echo&cr=https%3A%2F%2Fonetag-sys.com%2Fmatch%2F%3Fint_id%3D3%26gdpr%3D1%26gdpr_consent%3D%26uid%3D#{user.id}:0
[   42647ms] [WARNING] Mixed Content: The page at 'https://onetag-sys.com/usync/?pubId=847013a8430d672' was loaded over HTTPS, but requested an insecure element 'http://user-sync.fwmrm.net/ad/u?mode=echo&cr=https%3A%2F%2Fonetag-sys.com%2Fmatch%2F%3Fint_id%3D3%26gdpr%3D1%26gdpr_consent%3D%26uid%3D#{user.id}'. This request was automatically upgraded to HTTPS, For more information see https://blog.chromium.org/2019/10/no-more-mixed-messages-about-https.html @ https://onetag-sys.com/usync/?pubId=847013a8430d672:0
[   44006ms] [ERROR] Failed to load resource: the server responded with a status of 424 (Failed Dependency) @ https://t.adx.opera.com/pub/sync?pubid=pub10101531197440&gdpr=1&gdpr_consent=:0
[   44007ms] [ERROR] Failed to load resource: the server responded with a status of 403 (Forbidden) @ https://user-sync.fwmrm.net/ad/u?mode=echo&cr=https%3A%2F%2Fonetag-sys.com%2Fmatch%2F%3Fint_id%3D3%26gdpr%3D1%26gdpr_consent%3D%26uid%3D#{user.id}:0
[   20406ms] [ERROR] Failed to load resource: net::ERR_TOO_MANY_REDIRECTS @ https://pxl.iqm.com/i/ck/pubmatic?puid=CF1AA516-E91E-4B21-84BD-0913445A456E:0
[   28850ms] [ERROR] Failed to load resource: net::ERR_TOO_MANY_REDIRECTS @ https://partners.tremorhub.com/sync?UIIQ=3499b0d4-7c26-4038-8254-dae67e98cac3:0
